[p.w3layouts.com/demosWTR/Freedom/12-03-2021/travelling-freedom-demo_Free/552200862/web/index.html]
[backblue.gif]
[fade.gif]
[index.html]
[ajax.googleapis.com/ajax/libs/jquery/1.10.2/jquery.min.js]
[p.w3layouts.com/demosWTR/Freedom/12-03-2021/travelling-freedom-demo_Free/552200862/web/assets/css/style-freedom.css]
[p.w3layouts.com/assests/css/font-awesome.min.css]
[m.servedby-buysellads.com/monetization.js]
[p.w3layouts.com/demosWTR/Freedom/12-03-2021/travelling-freedom-demo_Free/552200862/web/assets/images/search.png]
[p.w3layouts.com/demosWTR/Freedom/12-03-2021/travelling-freedom-demo_Free/552200862/web/about.html]
[p.w3layouts.com/demosWTR/Freedom/12-03-2021/travelling-freedom-demo_Free/552200862/web/services.html]
[p.w3layouts.com/demosWTR/Freedom/12-03-2021/travelling-freedom-demo_Free/552200862/web/pricing.html]
[p.w3layouts.com/demosWTR/Freedom/12-03-2021/travelling-freedom-demo_Free/552200862/web/gallery.html]
[p.w3layouts.com/demosWTR/Freedom/12-03-2021/travelling-freedom-demo_Free/552200862/web/team.html]
[p.w3layouts.com/demosWTR/Freedom/12-03-2021/travelling-freedom-demo_Free/552200862/web/team-single.html]
[p.w3layouts.com/demosWTR/Freedom/12-03-2021/travelling-freedom-demo_Free/552200862/web/timeline.html]
[p.w3layouts.com/demosWTR/Freedom/12-03-2021/travelling-freedom-demo_Free/552200862/web/faq.html]
[p.w3layouts.com/demosWTR/Freedom/12-03-2021/travelling-freedom-demo_Free/552200862/web/coming-soon.html]
[p.w3layouts.com/demosWTR/Freedom/12-03-2021/travelling-freedom-demo_Free/552200862/web/404.html]
[p.w3layouts.com/demosWTR/Freedom/12-03-2021/travelling-freedom-demo_Free/552200862/web/search-results.html]
[p.w3layouts.com/demosWTR/Freedom/12-03-2021/travelling-freedom-demo_Free/552200862/web/login.html]
[p.w3layouts.com/demosWTR/Freedom/12-03-2021/travelling-freedom-demo_Free/552200862/web/signup.html]
[p.w3layouts.com/demosWTR/Freedom/12-03-2021/travelling-freedom-demo_Free/552200862/web/single.html]
[p.w3layouts.com/demosWTR/Freedom/12-03-2021/travelling-freedom-demo_Free/552200862/web/portfolio.html]
[p.w3layouts.com/demosWTR/Freedom/12-03-2021/travelling-freedom-demo_Free/552200862/web/portfolio-single.html]
[p.w3layouts.com/demosWTR/Freedom/12-03-2021/travelling-freedom-demo_Free/552200862/web/email-template.html]
[p.w3layouts.com/demosWTR/Freedom/12-03-2021/travelling-freedom-demo_Free/552200862/web/blog.html]
[p.w3layouts.com/demosWTR/Freedom/12-03-2021/travelling-freedom-demo_Free/552200862/web/blog-single.html]
[p.w3layouts.com/demosWTR/Freedom/12-03-2021/travelling-freedom-demo_Free/552200862/web/ecommerce.html]
[p.w3layouts.com/demosWTR/Freedom/12-03-2021/travelling-freedom-demo_Free/552200862/web/ecommerce-single.html]
[p.w3layouts.com/demosWTR/Freedom/12-03-2021/travelling-freedom-demo_Free/552200862/web/ecommerce-cart.html]
[p.w3layouts.com/demosWTR/Freedom/12-03-2021/travelling-freedom-demo_Free/552200862/web/contact.html]
[p.w3layouts.com/demosWTR/Freedom/12-03-2021/travelling-freedom-demo_Free/552200862/web/book.html]
[p.w3layouts.com/demosWTR/Freedom/12-03-2021/travelling-freedom-demo_Free/552200862/web/assets/images/grid1.jpg]
[p.w3layouts.com/demosWTR/Freedom/12-03-2021/travelling-freedom-demo_Free/552200862/web/assets/images/grid2.jpg]
[p.w3layouts.com/demosWTR/Freedom/12-03-2021/travelling-freedom-demo_Free/552200862/web/assets/images/grid3.jpg]
[p.w3layouts.com/demosWTR/Freedom/12-03-2021/travelling-freedom-demo_Free/552200862/web/assets/images/grid5.jpg]
[p.w3layouts.com/demosWTR/Freedom/12-03-2021/travelling-freedom-demo_Free/552200862/web/assets/images/grid4.jpg]
[p.w3layouts.com/demosWTR/Freedom/12-03-2021/travelling-freedom-demo_Free/552200862/web/assets/images/grid6.jpg]
[p.w3layouts.com/demosWTR/Freedom/12-03-2021/travelling-freedom-demo_Free/552200862/web/assets/images/a1.jpg]
[p.w3layouts.com/demosWTR/Freedom/12-03-2021/travelling-freedom-demo_Free/552200862/web/assets/images/package1.jpg]
[p.w3layouts.com/demosWTR/Freedom/12-03-2021/travelling-freedom-demo_Free/552200862/web/assets/images/package2.jpg]
[p.w3layouts.com/demosWTR/Freedom/12-03-2021/travelling-freedom-demo_Free/552200862/web/assets/images/package3.jpg]
[p.w3layouts.com/demosWTR/Freedom/12-03-2021/travelling-freedom-demo_Free/552200862/web/assets/images/package5.jpg]
[p.w3layouts.com/demosWTR/Freedom/12-03-2021/travelling-freedom-demo_Free/552200862/web/assets/images/package4.jpg]
[p.w3layouts.com/demosWTR/Freedom/12-03-2021/travelling-freedom-demo_Free/552200862/web/assets/images/team1.jpg]
[p.w3layouts.com/demosWTR/Freedom/12-03-2021/travelling-freedom-demo_Free/552200862/web/assets/images/team2.jpg]
[p.w3layouts.com/demosWTR/Freedom/12-03-2021/travelling-freedom-demo_Free/552200862/web/assets/images/team3.jpg]
[p.w3layouts.com/demosWTR/Freedom/12-03-2021/travelling-freedom-demo_Free/552200862/web/assets/images/team4.jpg]
[p.w3layouts.com/demosWTR/Freedom/12-03-2021/travelling-freedom-demo_Free/552200862/web/assets/images/testi1.jpg]
[p.w3layouts.com/demosWTR/Freedom/12-03-2021/travelling-freedom-demo_Free/552200862/web/assets/images/testi2.jpg]
[p.w3layouts.com/demosWTR/Freedom/12-03-2021/travelling-freedom-demo_Free/552200862/web/assets/images/testi3.jpg]
[p.w3layouts.com/demosWTR/Freedom/12-03-2021/travelling-freedom-demo_Free/552200862/web/index.html]
[p.w3layouts.com/cdn-cgi/challenge-platform/h/g/scripts/jsd/dc6b543c1346/main.js]
[p.w3layouts.com/demosWTR/Freedom/12-03-2021/travelling-freedom-demo_Free/552200862/web/assets/images/cross.png]
[p.w3layouts.com/demosWTR/Freedom/12-03-2021/travelling-freedom-demo_Free/552200862/web/assets/images/ba1.jpg]
[p.w3layouts.com/demosWTR/Freedom/12-03-2021/travelling-freedom-demo_Free/552200862/web/assets/images/ba2.jpg]
[p.w3layouts.com/demosWTR/Freedom/12-03-2021/travelling-freedom-demo_Free/552200862/web/assets/images/ba3.jpg]
[p.w3layouts.com/demosWTR/Freedom/12-03-2021/travelling-freedom-demo_Free/552200862/web/assets/images/ba4.jpg]
[p.w3layouts.com/demosWTR/Freedom/12-03-2021/travelling-freedom-demo_Free/552200862/web/assets/images/down.png]
[p.w3layouts.com/demosWTR/Freedom/12-03-2021/travelling-freedom-demo_Free/552200862/web/assets/images/bg1.jpg]
[p.w3layouts.com/demosWTR/Freedom/12-03-2021/travelling-freedom-demo_Free/552200862/web/assets/images/ab-inner.jpg]
[p.w3layouts.com/demosWTR/Freedom/12-03-2021/travelling-freedom-demo_Free/552200862/web/assets/images/inner2.jpg]
[p.w3layouts.com/demosWTR/Freedom/12-03-2021/travelling-freedom-demo_Free/552200862/web/assets/images/inner.jpg]
[p.w3layouts.com/demosWTR/Freedom/12-03-2021/travelling-freedom-demo_Free/552200862/web/assets/images/about1.jpg]
[p.w3layouts.com/demosWTR/Freedom/12-03-2021/travelling-freedom-demo_Free/552200862/web/assets/images/about2.jpg]
[p.w3layouts.com/demosWTR/Freedom/12-03-2021/travelling-freedom-demo_Free/552200862/web/assets/fonts/fontawesome-webfont3e6e.eot]
[p.w3layouts.com/demosWTR/Freedom/12-03-2021/travelling-freedom-demo_Free/552200862/web/assets/fonts/fontawesome-webfontd41d.eot]
[p.w3layouts.com/demosWTR/Freedom/12-03-2021/travelling-freedom-demo_Free/552200862/web/assets/fonts/fontawesome-webfont3e6e.woff2]
[p.w3layouts.com/demosWTR/Freedom/12-03-2021/travelling-freedom-demo_Free/552200862/web/assets/fonts/fontawesome-webfont3e6e.woff]
[p.w3layouts.com/demosWTR/Freedom/12-03-2021/travelling-freedom-demo_Free/552200862/web/assets/fonts/fontawesome-webfont3e6e.ttf]
[p.w3layouts.com/demosWTR/Freedom/12-03-2021/travelling-freedom-demo_Free/552200862/web/assets/css/style-freedom.css]
[p.w3layouts.com/assests/css/font-awesome.min.css]
[p.w3layouts.com/demosWTR/Freedom/12-03-2021/travelling-freedom-demo_Free/552200862/web/assets/fonts/fontawesome-webfont3e6e.svg]
[p.w3layouts.com/demosWTR/Freedom/12-03-2021/travelling-freedom-demo_Free/552200862/web/assets/images/about3.jpg]
[p.w3layouts.com/demosWTR/Freedom/12-03-2021/travelling-freedom-demo_Free/552200862/web/about.html]
[p.w3layouts.com/demosWTR/Freedom/12-03-2021/travelling-freedom-demo_Free/552200862/web/assets/images/check1.png]
[p.w3layouts.com/demosWTR/Freedom/12-03-2021/travelling-freedom-demo_Free/552200862/web/assets/images/check2.png]
[p.w3layouts.com/demosWTR/Freedom/12-03-2021/travelling-freedom-demo_Free/552200862/web/assets/images/check3.png]
[p.w3layouts.com/demosWTR/Freedom/12-03-2021/travelling-freedom-demo_Free/552200862/web/services.html]
[p.w3layouts.com/demosWTR/Freedom/12-03-2021/travelling-freedom-demo_Free/552200862/web/pricing.html]
[p.w3layouts.com/demosWTR/Freedom/12-03-2021/travelling-freedom-demo_Free/552200862/web/assets/images/gallery2.jpg]
[p.w3layouts.com/demosWTR/Freedom/12-03-2021/travelling-freedom-demo_Free/552200862/web/assets/images/gallery1.jpg]
[p.w3layouts.com/demosWTR/Freedom/12-03-2021/travelling-freedom-demo_Free/552200862/web/assets/images/gallery3.jpg]
[p.w3layouts.com/demosWTR/Freedom/12-03-2021/travelling-freedom-demo_Free/552200862/web/gallery.html]
[p.w3layouts.com/demosWTR/Freedom/12-03-2021/travelling-freedom-demo_Free/552200862/web/assets/images/team5.jpg]
[p.w3layouts.com/demosWTR/Freedom/12-03-2021/travelling-freedom-demo_Free/552200862/web/assets/images/team6.jpg]
[p.w3layouts.com/demosWTR/Freedom/12-03-2021/travelling-freedom-demo_Free/552200862/web/assets/images/team7.jpg]
[p.w3layouts.com/demosWTR/Freedom/12-03-2021/travelling-freedom-demo_Free/552200862/web/assets/images/team8.jpg]
[p.w3layouts.com/demosWTR/Freedom/12-03-2021/travelling-freedom-demo_Free/552200862/web/team.html]
[p.w3layouts.com/demosWTR/Freedom/12-03-2021/travelling-freedom-demo_Free/552200862/web/team-single.html]
[p.w3layouts.com/demosWTR/Freedom/12-03-2021/travelling-freedom-demo_Free/552200862/web/timeline.html]
[p.w3layouts.com/demosWTR/Freedom/12-03-2021/travelling-freedom-demo_Free/552200862/web/faq.html]
[p.w3layouts.com/demosWTR/Freedom/12-03-2021/travelling-freedom-demo_Free/552200862/web/coming-soon.html]
[p.w3layouts.com/demosWTR/Freedom/12-03-2021/travelling-freedom-demo_Free/552200862/web/404.html]
[p.w3layouts.com/cdn-cgi/scripts/5c5dd728/cloudflare-static/email-decode.min.js]
[p.w3layouts.com/demosWTR/Freedom/12-03-2021/travelling-freedom-demo_Free/552200862/web/assets/images/search1.jpg]
[p.w3layouts.com/demosWTR/Freedom/12-03-2021/travelling-freedom-demo_Free/552200862/web/assets/images/search2.jpg]
[p.w3layouts.com/demosWTR/Freedom/12-03-2021/travelling-freedom-demo_Free/552200862/web/assets/images/search3.jpg]
[p.w3layouts.com/demosWTR/Freedom/12-03-2021/travelling-freedom-demo_Free/552200862/web/search-results.html]
[p.w3layouts.com/demosWTR/Freedom/12-03-2021/travelling-freedom-demo_Free/552200862/web/login.html]
[p.w3layouts.com/demosWTR/Freedom/12-03-2021/travelling-freedom-demo_Free/552200862/web/signup.html]
[p.w3layouts.com/demosWTR/Freedom/12-03-2021/travelling-freedom-demo_Free/552200862/web/assets/images/single.jpg]
[p.w3layouts.com/demosWTR/Freedom/12-03-2021/travelling-freedom-demo_Free/552200862/web/assets/images/single2.jpg]
[p.w3layouts.com/demosWTR/Freedom/12-03-2021/travelling-freedom-demo_Free/552200862/web/single.html]
[p.w3layouts.com/demosWTR/Freedom/12-03-2021/travelling-freedom-demo_Free/552200862/web/assets/images/port1.jpg]
[p.w3layouts.com/demosWTR/Freedom/12-03-2021/travelling-freedom-demo_Free/552200862/web/assets/images/port2.jpg]
[p.w3layouts.com/demosWTR/Freedom/12-03-2021/travelling-freedom-demo_Free/552200862/web/assets/images/port3.jpg]
[p.w3layouts.com/demosWTR/Freedom/12-03-2021/travelling-freedom-demo_Free/552200862/web/assets/images/port4.jpg]
[p.w3layouts.com/demosWTR/Freedom/12-03-2021/travelling-freedom-demo_Free/552200862/web/assets/images/port5.jpg]
[p.w3layouts.com/demosWTR/Freedom/12-03-2021/travelling-freedom-demo_Free/552200862/web/portfolio.html]
[p.w3layouts.com/demosWTR/Freedom/12-03-2021/travelling-freedom-demo_Free/552200862/web/assets/images/ports.jpg]
[p.w3layouts.com/demosWTR/Freedom/12-03-2021/travelling-freedom-demo_Free/552200862/web/portfolio-single.html]
[p.w3layouts.com/demosWTR/Freedom/12-03-2021/travelling-freedom-demo_Free/552200862/web/email-template.html]
[p.w3layouts.com/demosWTR/Freedom/12-03-2021/travelling-freedom-demo_Free/552200862/web/assets/images/blog1.jpg]
[p.w3layouts.com/demosWTR/Freedom/12-03-2021/travelling-freedom-demo_Free/552200862/web/assets/images/blog2.jpg]
[p.w3layouts.com/demosWTR/Freedom/12-03-2021/travelling-freedom-demo_Free/552200862/web/assets/images/blog3.jpg]
[p.w3layouts.com/demosWTR/Freedom/12-03-2021/travelling-freedom-demo_Free/552200862/web/assets/images/blog4.jpg]
[p.w3layouts.com/demosWTR/Freedom/12-03-2021/travelling-freedom-demo_Free/552200862/web/assets/images/blog5.jpg]
[p.w3layouts.com/demosWTR/Freedom/12-03-2021/travelling-freedom-demo_Free/552200862/web/assets/images/blog6.jpg]
[p.w3layouts.com/demosWTR/Freedom/12-03-2021/travelling-freedom-demo_Free/552200862/web/blog.html]
[p.w3layouts.com/demosWTR/Freedom/12-03-2021/travelling-freedom-demo_Free/552200862/web/assets/images/bsingle.jpg]
[p.w3layouts.com/demosWTR/Freedom/12-03-2021/travelling-freedom-demo_Free/552200862/web/assets/images/testi5.jpg]
[p.w3layouts.com/demosWTR/Freedom/12-03-2021/travelling-freedom-demo_Free/552200862/web/blog-single.html]
[p.w3layouts.com/demosWTR/Freedom/12-03-2021/travelling-freedom-demo_Free/552200862/web/assets/images/ecom1.jpg]
[p.w3layouts.com/demosWTR/Freedom/12-03-2021/travelling-freedom-demo_Free/552200862/web/assets/images/ecom2.jpg]
[p.w3layouts.com/demosWTR/Freedom/12-03-2021/travelling-freedom-demo_Free/552200862/web/assets/images/ecom3.jpg]
[p.w3layouts.com/demosWTR/Freedom/12-03-2021/travelling-freedom-demo_Free/552200862/web/assets/images/ecom4.jpg]
[p.w3layouts.com/demosWTR/Freedom/12-03-2021/travelling-freedom-demo_Free/552200862/web/assets/images/ecom5.jpg]
[p.w3layouts.com/demosWTR/Freedom/12-03-2021/travelling-freedom-demo_Free/552200862/web/assets/images/ecom6.jpg]
[p.w3layouts.com/demosWTR/Freedom/12-03-2021/travelling-freedom-demo_Free/552200862/web/assets/images/ecom7.jpg]
[p.w3layouts.com/demosWTR/Freedom/12-03-2021/travelling-freedom-demo_Free/552200862/web/assets/images/ecom8.jpg]
[p.w3layouts.com/demosWTR/Freedom/12-03-2021/travelling-freedom-demo_Free/552200862/web/assets/images/ecom9.jpg]
[p.w3layouts.com/demosWTR/Freedom/12-03-2021/travelling-freedom-demo_Free/552200862/web/assets/images/ecom10.jpg]
[p.w3layouts.com/demosWTR/Freedom/12-03-2021/travelling-freedom-demo_Free/552200862/web/assets/images/ecom11.jpg]
[p.w3layouts.com/demosWTR/Freedom/12-03-2021/travelling-freedom-demo_Free/552200862/web/assets/images/ecom12.jpg]
[p.w3layouts.com/demosWTR/Freedom/12-03-2021/travelling-freedom-demo_Free/552200862/web/ecommerce.html]
[p.w3layouts.com/demosWTR/Freedom/12-03-2021/travelling-freedom-demo_Free/552200862/web/assets/images/esingle1.jpg]
[p.w3layouts.com/demosWTR/Freedom/12-03-2021/travelling-freedom-demo_Free/552200862/web/assets/images/esingle2.jpg]
[p.w3layouts.com/demosWTR/Freedom/12-03-2021/travelling-freedom-demo_Free/552200862/web/assets/images/esingle3.jpg]
[p.w3layouts.com/demosWTR/Freedom/12-03-2021/travelling-freedom-demo_Free/552200862/web/assets/images/esingle4.jpg]
[p.w3layouts.com/demosWTR/Freedom/12-03-2021/travelling-freedom-demo_Free/552200862/web/assets/images/esingle5.jpg]
[p.w3layouts.com/demosWTR/Freedom/12-03-2021/travelling-freedom-demo_Free/552200862/web/assets/images/testi4.jpg]
[p.w3layouts.com/demosWTR/Freedom/12-03-2021/travelling-freedom-demo_Free/552200862/web/ecommerce-single.html]
[p.w3layouts.com/demosWTR/Freedom/12-03-2021/travelling-freedom-demo_Free/552200862/web/assets/images/cart1.jpg]
[p.w3layouts.com/demosWTR/Freedom/12-03-2021/travelling-freedom-demo_Free/552200862/web/assets/images/cart2.jpg]
[p.w3layouts.com/demosWTR/Freedom/12-03-2021/travelling-freedom-demo_Free/552200862/web/assets/images/cart3.jpg]
[p.w3layouts.com/demosWTR/Freedom/12-03-2021/travelling-freedom-demo_Free/552200862/web/ecommerce-cart.html]
[p.w3layouts.com/demosWTR/Freedom/12-03-2021/travelling-freedom-demo_Free/552200862/web/contact.html]
[p.w3layouts.com/demosWTR/Freedom/12-03-2021/travelling-freedom-demo_Free/552200862/web/book.html]
[p.w3layouts.com/demosWTR/Freedom/12-03-2021/travelling-freedom-demo_Free/552200862/web/assets/fonts/fontawesome-webfont3e6e.svg]
[codefund.io/properties/441/funder.js]
